------------------------------------------------------------
Timing Analyzer Summary
------------------------------------------------------------

Type  : Slow 1100mV 85C Model Setup 'clk'
Slack : -4.065
TNS   : -745.156

Type  : Slow 1100mV 85C Model Hold 'clk'
Slack : 0.324
TNS   : 0.000

Type  : Slow 1100mV 85C Model Minimum Pulse Width 'clk'
Slack : -2.636
TNS   : -254.189

Type  : Slow 1100mV 0C Model Setup 'clk'
Slack : -4.061
TNS   : -742.766

Type  : Slow 1100mV 0C Model Hold 'clk'
Slack : 0.309
TNS   : 0.000

Type  : Slow 1100mV 0C Model Minimum Pulse Width 'clk'
Slack : -2.636
TNS   : -264.262

Type  : Fast 1100mV 85C Model Setup 'clk'
Slack : -1.973
TNS   : -345.585

Type  : Fast 1100mV 85C Model Hold 'clk'
Slack : 0.180
TNS   : 0.000

Type  : Fast 1100mV 85C Model Minimum Pulse Width 'clk'
Slack : -2.636
TNS   : -142.510

Type  : Fast 1100mV 0C Model Setup 'clk'
Slack : -1.749
TNS   : -308.148

Type  : Fast 1100mV 0C Model Hold 'clk'
Slack : 0.166
TNS   : 0.000

Type  : Fast 1100mV 0C Model Minimum Pulse Width 'clk'
Slack : -2.636
TNS   : -142.640

------------------------------------------------------------
